

package controller

import (
	v5 "github.com/go-chi/chi/v5"
	full "github.com/go-mosaic/gomosaic/v2/plugins/http/server/fixtures/full"
	runtime "github.com/go-mosaic/runtime"
	transport "github.com/go-mosaic/runtime/transport"
	factory "github.com/go-mosaic/runtime/transport/factory"
	"strings"
)

type UserServiceOptions struct {
	transportOptions      []transport.TransportOption
	middleware            []transport.Middleware
	middlewareCreateUser  []transport.Middleware
	middlewareDeleteUser  []transport.Middleware
	middlewareGetUser     []transport.Middleware
	middlewareListUsers   []transport.Middleware
	middlewareSearchUsers []transport.Middleware
}

func (o *UserServiceOptions) TransportOptions(opts ...transport.TransportOption) *UserServiceOptions {
	o.transportOptions = append(o.transportOptions, opts...)
	return o
}

func (o *UserServiceOptions) Middleware(middleware ...transport.Middleware) *UserServiceOptions {
	o.middleware = append(o.middleware, middleware...)
	return o
}

func (o *UserServiceOptions) MiddlewareCreateUser(middleware ...transport.Middleware) *UserServiceOptions {
	o.middlewareCreateUser = append(o.middlewareCreateUser, middleware...)
	return o
}

func (o *UserServiceOptions) MiddlewareDeleteUser(middleware ...transport.Middleware) *UserServiceOptions {
	o.middlewareDeleteUser = append(o.middlewareDeleteUser, middleware...)
	return o
}

func (o *UserServiceOptions) MiddlewareGetUser(middleware ...transport.Middleware) *UserServiceOptions {
	o.middlewareGetUser = append(o.middlewareGetUser, middleware...)
	return o
}

func (o *UserServiceOptions) MiddlewareListUsers(middleware ...transport.Middleware) *UserServiceOptions {
	o.middlewareListUsers = append(o.middlewareListUsers, middleware...)
	return o
}

func (o *UserServiceOptions) MiddlewareSearchUsers(middleware ...transport.Middleware) *UserServiceOptions {
	o.middlewareSearchUsers = append(o.middlewareSearchUsers, middleware...)
	return o
}

func UserServiceRegisterHandlers(router v5.Router, svc full.UserService, opt *UserServiceOptions) {
	if opt == nil {
		opt = &UserServiceOptions{}
	}
	transportFactory := factory.NewFactory(opt.transportOptions...)
	tr, err := transportFactory.Create(factory.TransportTypeChi, router)
	if err != nil {
		panic(err)
	}
	tr.AddRoute("POST", "/user", func(req transport.Request, resp transport.Response) error {

		var req *full.CreateUserRequest
		contentType := req.Header("Content-Type")
		if contentType == "" {
			contentType = ""
		}
		parts := strings.Split(contentType, ";")
		if len(parts) > 0 {
			contentType = parts[0]
		}
		switch contentType {
		case "application/json":
			var reqBody struct {
				Req *full.CreateUserRequest `json:"user_req,omitempty"`
			}
			if err := req.ReadData(&reqBody); err != nil {
				return err
			}
			req = reqBody.Req
		}

		requestID, user, err := svc.CreateUser(req.Context(), req)
		if err != nil {
			return err
		}
		var respData struct {
			User *full.User `json:"user"`
		}
		respData.User = user
		resp.WriteData(req, respData)
		return nil
	}, append(opt.middleware, opt.middlewareCreateUser...)...)
	tr.AddRoute("DELETE", "/user/{id}", func(req transport.Request, resp transport.Response) error {

		var paramId int
		if err := runtime.ParseHeaderParam(req.PathValue("id"), &paramId); err != nil {
			return err
		}

		err := svc.DeleteUser(req.Context(), paramId)
		if err != nil {
			return err
		}
		var respData struct{}
		resp.WriteData(req, respData)
		return nil
	}, append(opt.middleware, opt.middlewareDeleteUser...)...)
	tr.AddRoute("GET", "/user/{id}", func(req transport.Request, resp transport.Response) error {

		var paramId int
		if err := runtime.ParseHeaderParam(req.PathValue("id"), &paramId); err != nil {
			return err
		}

		user, err := svc.GetUser(req.Context(), paramId)
		if err != nil {
			return err
		}
		var respData struct {
			User *full.User `json:"user"`
		}
		respData.User = user
		resp.WriteData(req, respData)
		return nil
	}, append(opt.middleware, opt.middlewareGetUser...)...)
	tr.AddRoute("GET", "/users", func(req transport.Request, resp transport.Response) error {

		users, err := svc.ListUsers(req.Context())
		if err != nil {
			return err
		}
		var respData struct {
			Users []full.User `json:"users"`
		}
		respData.Users = users
		resp.WriteData(req, respData)
		return nil
	}, append(opt.middleware, opt.middlewareListUsers...)...)
	tr.AddRoute("GET", "/search", func(req transport.Request, resp transport.Response) error {

		var paramXOffset int
		if err := runtime.ParseHeaderParam(req.Header("X-Offset"), &paramXOffset); err != nil {
			return err
		}

		q := req.Queries()
		var paramQuery string
		if err := runtime.ParseQueryParam(q.Get("query"), &paramQuery); err != nil {
			return err
		}
		var paramLimitVal int
		if err := runtime.ParseQueryParam(q.Get("limit_val"), &paramLimitVal); err != nil {
			return err
		}

		users, total, err := svc.SearchUsers(req.Context(), paramQuery, paramLimit, paramOffset)
		if err != nil {
			return err
		}
		var respData struct {
			Users []full.User `json:"users"`
			Total int         `json:"total"`
		}
		respData.Users = users
		respData.Total = total
		resp.WriteData(req, respData)
		return nil
	}, append(opt.middleware, opt.middlewareSearchUsers...)...)
}
